Microchip MPLAB XC8 Compiler V2.40

Linker command line:

-W-3 \
  --edf=C:\Program Files\Microchip\xc8\v2.40\pic\dat\20220703182018_en.msgs \
  -cn -h+dist/default/production\BC.X.production.sym \
  --cmf=dist/default/production\BC.X.production.cmf -z -Q16F1827 \
  -oC:\Users\AULASI~1\AppData\Local\Temp\xcAs2b8.4 --defsym=__MPLAB_BUILD=1 \
  --fixupoverflow=error -Mdist/default/production/BC.X.production.map \
  --md=C:\Users\AULASI~1\AppData\Local\Temp\xcAs2b8.dat -E1 \
  -ver=XC8 Compiler --acfsm=1493 -ACODE=00h-07FFhx2 -ASTRCODE=00h-0FFFh \
  -ASTRING=00h-0FFhx16 -ACONST=00h-0FFhx16 -AENTRY=00h-0FFhx16 \
  -ACOMMON=070h-07Fh -ABANK0=020h-06Fh -ABANK1=0A0h-0EFh \
  -ABANK2=0120h-016Fh -ABANK3=01A0h-01EFh -ABANK4=0220h-024Fh \
  -ABIGRAM=02000h-0216Fh \
  -ARAM=020h-06Fh,0A0h-0EFh,0120h-016Fh,01A0h-01EFh,0220h-024Fh \
  -AABS1=020h-07Fh,0A0h-0EFh,0120h-016Fh,01A0h-01EFh,0220h-024Fh \
  -ASFR0=00h-01Fh -ASFR1=080h-09Fh -ASFR2=0100h-011Fh -ASFR3=0180h-019Fh \
  -ASFR4=0200h-021Fh -ASFR5=0280h-02EFh -ASFR6=0300h-036Fh \
  -ASFR7=0380h-03EFh -ASFR8=0400h-046Fh -ASFR9=0480h-04EFh \
  -ASFR10=0500h-056Fh -ASFR11=0580h-05EFh -ASFR12=0600h-066Fh \
  -ASFR13=0680h-06EFh -ASFR14=0700h-076Fh -ASFR15=0780h-07EFh \
  -ASFR16=0800h-086Fh -ASFR17=0880h-08EFh -ASFR18=0900h-096Fh \
  -ASFR19=0980h-09EFh -ASFR20=0A00h-0A6Fh -ASFR21=0A80h-0AEFh \
  -ASFR22=0B00h-0B6Fh -ASFR23=0B80h-0BEFh -ASFR24=0C00h-0C6Fh \
  -ASFR25=0C80h-0CEFh -ASFR26=0D00h-0D6Fh -ASFR27=0D80h-0DEFh \
  -ASFR28=0E00h-0E6Fh -ASFR29=0E80h-0EEFh -ASFR30=0F00h-0F6Fh \
  -ASFR31=0F80h-0FEFh -ACONFIG=08007h-08008h -DCONFIG=2 \
  -AIDLOC=08000h-08003h -DIDLOC=2 -AEEDATA=00h-0FFh/0F000h \
  -peeprom_data=EEDATA -DEEDATA=2 -DCODE=2 -DSTRCODE=2 -DSTRING=2 -DCONST=2 \
  -DENTRY=2 -preset_vec=00h,intentry,init,end_init -ppowerup=CODE \
  -pcinit=CODE -pfunctab=ENTRY -k \
  C:\Users\AULASI~1\AppData\Local\Temp\xcAs2b8.o \
  dist/default/production\BC.X.production.o 

Object code version is 3.11

Machine type is 16F1827



                Name                               Link     Load   Length Selector   Space Scale
C:\Users\AULASI~1\AppData\Local\Temp\xcAs2b8.o
                end_init                              2        2        2        0       0
                reset_vec                             0        0        2        0       0
                config                             8007     8007        2        0       4
                idloc                              8000     8000        4        0       5
dist/default/production\BC.X.production.o
                cinit                               7F3      7F3        D      FE6       0
                config                             8007     8007        2        0       4
                idloc                              8000     8000        4        0       5
                text35                              202      202      1AA      404       0
                text34                                5        5       23        A       0
                text33                              5B8      5B8      23B      B70       0
                text32                              3AC      3AC      20C      758       0
                text31                              D8E      D8E       20     1B1C       0
                text30                              E61      E61       71     1CC2       0
                text29                              F56      F56       AA     1EAC       0
                text28                               72       72      190       E4       0
                text27                              CB0      CB0        6     1960       0
                text26                              CC8      CC8        7     1990       0
                text25                              CA1      CA1        3     1942       0
                text24                              CA4      CA4        4     1948       0
                text23                              D1D      D1D        F     1A3A       0
                text22                              CD6      CD6        8     19AC       0
                text21                              CB6      CB6        6     196C       0
                text20                              CBC      CBC        6     1978       0
                text19                              CC2      CC2        6     1984       0
                text18                              DCF      DCF       22     1B9E       0
                text17                              CA8      CA8        4     1950       0
                text16                              CCF      CCF        7     199E       0
                text15                              D2C      D2C       16     1A58       0
                text14                              CDE      CDE        8     19BC       0
                text13                              CAC      CAC        4     1958       0
                text12                              D42      D42       16     1A84       0
                text11                              D02      D02        D     1A04       0
                text10                              CEE      CEE        A     19DC       0
                text9                               CE6      CE6        8     19CC       0
                text8                               D70      D70       1E     1AE0       0
                text7                               E17      E17       4A     1C2E       0
                text6                               CF8      CF8        A     19F0       0
                text5                               D58      D58       18     1AB0       0
                text4                               DAE      DAE       21     1B5C       0
                text3                               DF1      DF1       26     1BE2       0
                text2                                28       28       4A       50       0
                text1                               D0F      D0F        E     1A1E       0
                maintext                            ED2      ED2       84     1DA4       0
                cstackBANK0                          20       20       50       20       1
                cstackCOMMON                         70       70        E       70       1
                cstackBANK1                          A0       A0       25       A0       1
                bssBANK1                             C5       C5        9       A0       1
                nvBANK1                              CE       CE        6       A0       1

TOTAL           Name                               Link     Load   Length     Space
        CLASS   CODE           
                end_init                              2        2        2         0
                cinit                               7F3      7F3        D         0
                reset_vec                             0        0        2         0
                text35                              202      202      1AA         0
                text34                                5        5       23         0
                text33                              5B8      5B8      23B         0
                text32                              3AC      3AC      20C         0
                text31                              D8E      D8E       20         0
                text30                              E61      E61       71         0
                text29                              F56      F56       AA         0
                text28                               72       72      190         0
                text27                              CB0      CB0        6         0
                text26                              CC8      CC8        7         0
                text25                              CA1      CA1        3         0
                text24                              CA4      CA4        4         0
                text23                              D1D      D1D        F         0
                text22                              CD6      CD6        8         0
                text21                              CB6      CB6        6         0
                text20                              CBC      CBC        6         0
                text19                              CC2      CC2        6         0
                text18                              DCF      DCF       22         0
                text17                              CA8      CA8        4         0
                text16                              CCF      CCF        7         0
                text15                              D2C      D2C       16         0
                text14                              CDE      CDE        8         0
                text13                              CAC      CAC        4         0
                text12                              D42      D42       16         0
                text11                              D02      D02        D         0
                text10                              CEE      CEE        A         0
                text9                               CE6      CE6        8         0
                text8                               D70      D70       1E         0
                text7                               E17      E17       4A         0
                text6                               CF8      CF8        A         0
                text5                               D58      D58       18         0
                text4                               DAE      DAE       21         0
                text3                               DF1      DF1       26         0
                text2                                28       28       4A         0
                text1                               D0F      D0F        E         0
                maintext                            ED2      ED2       84         0

        CLASS   STRCODE        

        CLASS   STRING         

        CLASS   CONST          

        CLASS   ENTRY          

        CLASS   COMMON         
                cstackCOMMON                         70       70        E         1

        CLASS   BANK0          
                cstackBANK0                          20       20       50         1

        CLASS   BANK1          
                cstackBANK1                          A0       A0       25         1
                bssBANK1                             C5       C5        9         1
                nvBANK1                              CE       CE        6         1

        CLASS   BANK2          

        CLASS   BANK3          

        CLASS   BANK4          

        CLASS   BIGRAM         

        CLASS   RAM            

        CLASS   ABS1           
                abs_s1                               7E       7E        2         1

        CLASS   SFR0           

        CLASS   SFR1           

        CLASS   SFR2           

        CLASS   SFR3           

        CLASS   SFR4           

        CLASS   SFR5           

        CLASS   SFR6           

        CLASS   SFR7           

        CLASS   SFR8           

        CLASS   SFR9           

        CLASS   SFR10          

        CLASS   SFR11          

        CLASS   SFR12          

        CLASS   SFR13          

        CLASS   SFR14          

        CLASS   SFR15          

        CLASS   SFR16          

        CLASS   SFR17          

        CLASS   SFR18          

        CLASS   SFR19          

        CLASS   SFR20          

        CLASS   SFR21          

        CLASS   SFR22          

        CLASS   SFR23          

        CLASS   SFR24          

        CLASS   SFR25          

        CLASS   SFR26          

        CLASS   SFR27          

        CLASS   SFR28          

        CLASS   SFR29          

        CLASS   SFR30          

        CLASS   SFR31          

        CLASS   CONFIG         
                config                             8007     8007        2         4

        CLASS   IDLOC          
                idloc                              8000     8000        4         5

        CLASS   EEDATA         

        CLASS   BANK31         

        CLASS   BANK30         

        CLASS   BANK29         

        CLASS   BANK28         

        CLASS   BANK27         

        CLASS   BANK26         

        CLASS   BANK25         

        CLASS   BANK24         

        CLASS   BANK23         

        CLASS   BANK22         

        CLASS   BANK21         

        CLASS   BANK20         

        CLASS   BANK19         

        CLASS   BANK18         

        CLASS   BANK17         

        CLASS   BANK16         

        CLASS   BANK15         

        CLASS   BANK14         

        CLASS   BANK13         

        CLASS   BANK12         

        CLASS   BANK11         

        CLASS   BANK10         

        CLASS   BANK9          

        CLASS   BANK8          

        CLASS   BANK7          

        CLASS   BANK6          

        CLASS   BANK5          

        CLASS   HEAP           

        CLASS   STACK          



SEGMENTS        Name                           Load    Length   Top    Selector   Space  Class     Delta

                reset_vec                      000000  000004  000004         0       0  CODE        2
                text34                         000005  000023  000028         A       0  CODE        2
                cstackBANK0                    000020  000050  000070        20       1  BANK0       1
                text2                          000028  00004A  000072        50       0  CODE        2
                cstackCOMMON                   000070  00000E  00007E        70       1  COMMON      1
                cstackBANK1                    0000A0  000034  0000D4        A0       1  BANK1       1
                text28                         000072  000190  000202        E4       0  CODE        2
                text35                         000202  0001AA  0003AC       404       0  CODE        2
                text32                         0003AC  00020C  0005B8       758       0  CODE        2
                text33                         0005B8  00023B  0007F3       B70       0  CODE        2
                cinit                          0007F3  00000D  000800       FE6       0  CODE        2
                text25                         000CA1  000003  000CA4      1942       0  CODE        2
                text24                         000CA4  000004  000CA8      1948       0  CODE        2
                text17                         000CA8  000004  000CAC      1950       0  CODE        2
                text13                         000CAC  000004  000CB0      1958       0  CODE        2
                text27                         000CB0  000006  000CB6      1960       0  CODE        2
                text21                         000CB6  000006  000CBC      196C       0  CODE        2
                text20                         000CBC  000006  000CC2      1978       0  CODE        2
                text19                         000CC2  000006  000CC8      1984       0  CODE        2
                text26                         000CC8  000007  000CCF      1990       0  CODE        2
                text16                         000CCF  000007  000CD6      199E       0  CODE        2
                text22                         000CD6  000008  000CDE      19AC       0  CODE        2
                text14                         000CDE  000008  000CE6      19BC       0  CODE        2
                text9                          000CE6  000008  000CEE      19CC       0  CODE        2
                text10                         000CEE  00000A  000CF8      19DC       0  CODE        2
                text6                          000CF8  00000A  000D02      19F0       0  CODE        2
                text11                         000D02  00000D  000D0F      1A04       0  CODE        2
                text1                          000D0F  00000E  000D1D      1A1E       0  CODE        2
                text23                         000D1D  00000F  000D2C      1A3A       0  CODE        2
                text15                         000D2C  000016  000D42      1A58       0  CODE        2
                text12                         000D42  000016  000D58      1A84       0  CODE        2
                text5                          000D58  000018  000D70      1AB0       0  CODE        2
                text8                          000D70  00001E  000D8E      1AE0       0  CODE        2
                text31                         000D8E  000020  000DAE      1B1C       0  CODE        2
                text4                          000DAE  000021  000DCF      1B5C       0  CODE        2
                text18                         000DCF  000022  000DF1      1B9E       0  CODE        2
                text3                          000DF1  000026  000E17      1BE2       0  CODE        2
                text7                          000E17  00004A  000E61      1C2E       0  CODE        2
                text30                         000E61  000071  000ED2      1CC2       0  CODE        2
                maintext                       000ED2  000084  000F56      1DA4       0  CODE        2
                text29                         000F56  0000AA  001000      1EAC       0  CODE        2


UNUSED ADDRESS RANGES

        Name                Unused          Largest block    Delta
        BANK1            000D4-000EF              1C           1
        BANK2            00120-0016F              50           1
        BANK3            001A0-001EF              50           1
        BANK4            00220-0024F              30           1
        BIGRAM           02000-0216F             170           1
        CODE             00004-00004               1           2
                         00800-00CA0             4A1
        CONST            00004-00004               1           2
                         00800-00CA0             100
        EEDATA           0F000-0F0FF             100           2
        ENTRY            00004-00004               1           2
                         00800-00CA0             100
        RAM              000D4-000EF              1C           1
                         00120-0016F              50
                         001A0-001EF              50
                         00220-0024F              30
        SFR0             00000-0001F              20           1
        SFR1             00080-0009F              20           1
        SFR10            00500-0056F              70           1
        SFR11            00580-005EF              70           1
        SFR12            00600-0066F              70           1
        SFR13            00680-006EF              70           1
        SFR14            00700-0076F              70           1
        SFR15            00780-007EF              70           1
        SFR16            00800-0086F              70           1
        SFR17            00880-008EF              70           1
        SFR18            00900-0096F              70           1
        SFR19            00980-009EF              70           1
        SFR2             00100-0011F              20           1
        SFR20            00A00-00A6F              70           1
        SFR21            00A80-00AEF              70           1
        SFR22            00B00-00B6F              70           1
        SFR23            00B80-00BEF              70           1
        SFR24            00C00-00C6F              70           1
        SFR25            00C80-00CEF              70           1
        SFR26            00D00-00D6F              70           1
        SFR27            00D80-00DEF              70           1
        SFR28            00E00-00E6F              70           1
        SFR29            00E80-00EEF              70           1
        SFR3             00180-0019F              20           1
        SFR30            00F00-00F6F              70           1
        SFR31            00F80-00FEF              70           1
        SFR4             00200-0021F              20           1
        SFR5             00280-002EF              70           1
        SFR6             00300-0036F              70           1
        SFR7             00380-003EF              70           1
        SFR8             00400-0046F              70           1
        SFR9             00480-004EF              70           1
        STRCODE          00004-00004               1           2
                         00800-00CA0             4A1
        STRING           00004-00004               1           2
                         00800-00CA0             100

                                  Symbol Table

?_ADC_GetConversionResult                      cstackCOMMON 00070
?__Umul8_16                                    cstackCOMMON 00070
?___fladd                                      cstackCOMMON 00070
?___fldiv                                      cstackBANK0  0004A
?___flmul                                      cstackBANK0  00030
?___flsub                                      cstackBANK0  00028
?___fltol                                      cstackBANK0  00064
?___xxtofl                                     cstackCOMMON 00070
ADC2Display@adcVal                             cstackBANK0  0006E
ADC2Display@aux                                cstackBANK1  000A8
ADC2Display@dis                                cstackBANK1  000AD
ADC2Display@voltios                            cstackBANK1  000A9
EUSART_SetErrorHandler@interruptHandler        cstackCOMMON 00070
EUSART_SetFramingErrorHandler@interruptHandler cstackCOMMON 00070
EUSART_SetOverrunErrorHandler@interruptHandler cstackCOMMON 00070
EUSART_Write@txData                            cstackCOMMON 00070
TMR2_HasOverflowOccured@status                 cstackCOMMON 00070
Tm_Baje_periodico@ctp                          cstackCOMMON 00071
Tm_Hubo_periodico@ctp                          cstackCOMMON 00070
Tm_Inicie_periodico@ctp                        cstackCOMMON 00073
Tm_Inicie_periodico@periodo                    cstackCOMMON 00070
Tm_Procese_tiempo@ctp                          cstackCOMMON 00074
_ADC2Display                                   text28       00072
_ADC2Display$1472                              cstackBANK1  000A4
_ADCON0                                        (abs)        0009D
_ADCON0bits                                    (abs)        0009D
_ADCON1                                        (abs)        0009E
_ADC_GetConversionResult                       text27       00CB0
_ADC_Initialize                                text22       00CD6
_ADC_IsConversionDone                          text26       00CC8
_ADC_StartConversion                           text25       00CA1
_ADRESH                                        (abs)        0009C
_ADRESL                                        (abs)        0009B
_ANSELA                                        (abs)        0018C
_ANSELB                                        (abs)        0018D
_APFCON0                                       (abs)        0011D
_APFCON1                                       (abs)        0011E
_BAUDCON                                       (abs)        0019F
_BORCON                                        (abs)        00116
_EUSART_DefaultErrorHandler                    (abs)        00000
_EUSART_DefaultFramingErrorHandler             (abs)        00000
_EUSART_DefaultOverrunErrorHandler             (abs)        00000
_EUSART_ErrorHandler                           nvBANK1      000CE
_EUSART_FramingErrorHandler                    nvBANK1      000D2
_EUSART_Initialize                             text18       00DCF
_EUSART_OverrunErrorHandler                    nvBANK1      000D0
_EUSART_SetErrorHandler                        text21       00CB6
_EUSART_SetFramingErrorHandler                 text20       00CBC
_EUSART_SetOverrunErrorHandler                 text19       00CC2
_EUSART_Write                                  text6        00CF8
_EUSART_is_tx_done                             text24       00CA4
_EUSART_is_tx_ready                            text23       00D1D
_EUSART_is_tx_ready$254                        cstackCOMMON 00070
_FVRCON                                        (abs)        00117
_FVRCONbits                                    (abs)        00117
_FVR_Initialize                                text17       00CA8
_LATA                                          (abs)        0010C
_LATAbits                                      (abs)        0010C
_LATB                                          (abs)        0010D
_LATBbits                                      (abs)        0010D
_OPTION_REGbits                                (abs)        00095
_OSCCON                                        (abs)        00099
_OSCILLATOR_Initialize                         text16       00CCF
_OSCTUNE                                       (abs)        00098
_PIN_MANAGER_Initialize                        text15       00D2C
_PIR1bits                                      (abs)        00011
_PR2                                           (abs)        0001B
_RCREG                                         (abs)        00199
_RCSTA                                         (abs)        0019D
_RCSTAbits                                     (abs)        0019D
_SPBRGH                                        (abs)        0019C
_SPBRGL                                        (abs)        0019B
_SYSTEM_Initialize                             text12       00D42
_T2CON                                         (abs)        0001C
_T2CONbits                                     (abs)        0001C
_TMR2                                          (abs)        0001A
_TMR2_HasOverflowOccured                       text11       00D02
_TMR2_Initialize                               text14       00CDE
_TRISA                                         (abs)        0008C
_TRISB                                         (abs)        0008D
_TXREG                                         (abs)        0019A
_TXSTA                                         (abs)        0019E
_TXSTAbits                                     (abs)        0019E
_Tm_Baje_periodico                             text10       00CEE
_Tm_Hubo_periodico                             text9        00CE6
_Tm_Inicie_periodico                           text8        00D70
_Tm_Procese_tiempo                             text7        00E17
_WDTCON                                        (abs)        00097
_WDTCONbits                                    (abs)        00097
_WDT_Initialize                                text13       00CAC
_WPUA                                          (abs)        0020C
_WPUB                                          (abs)        0020D
__Habs1                                        abs1         00000
__Hbank0                                       bank0        00000
__Hbank1                                       bank1        00000
__Hbank10                                      bank10       00000
__Hbank11                                      bank11       00000
__Hbank12                                      bank12       00000
__Hbank13                                      bank13       00000
__Hbank14                                      bank14       00000
__Hbank15                                      bank15       00000
__Hbank16                                      bank16       00000
__Hbank17                                      bank17       00000
__Hbank18                                      bank18       00000
__Hbank19                                      bank19       00000
__Hbank2                                       bank2        00000
__Hbank20                                      bank20       00000
__Hbank21                                      bank21       00000
__Hbank22                                      bank22       00000
__Hbank23                                      bank23       00000
__Hbank24                                      bank24       00000
__Hbank25                                      bank25       00000
__Hbank26                                      bank26       00000
__Hbank27                                      bank27       00000
__Hbank28                                      bank28       00000
__Hbank29                                      bank29       00000
__Hbank3                                       bank3        00000
__Hbank30                                      bank30       00000
__Hbank31                                      bank31       00000
__Hbank4                                       bank4        00000
__Hbank5                                       bank5        00000
__Hbank6                                       bank6        00000
__Hbank7                                       bank7        00000
__Hbank8                                       bank8        00000
__Hbank9                                       bank9        00000
__Hbigram                                      bigram       00000
__HbssBANK1                                    bssBANK1     00000
__Hcinit                                       cinit        00800
__Hclrtext                                     clrtext      00000
__Hcode                                        code         00000
__Hcommon                                      common       00000
__Hconfig                                      config       08009
__HcstackBANK0                                 cstackBANK0  00000
__HcstackBANK1                                 cstackBANK1  00000
__HcstackCOMMON                                cstackCOMMON 00000
__Heeprom_data                                 eeprom_data  00000
__Hend_init                                    end_init     00004
__Hfunctab                                     functab      00000
__Hheap                                        heap         00000
__Hidloc                                       idloc        08004
__Hinit                                        init         00002
__Hintentry                                    intentry     00002
__Hmaintext                                    maintext     00000
__HnvBANK1                                     nvBANK1      00000
__Hpowerup                                     powerup      00000
__Hram                                         ram          00000
__Hreset_vec                                   reset_vec    00002
__Hsfr0                                        sfr0         00000
__Hsfr1                                        sfr1         00000
__Hsfr10                                       sfr10        00000
__Hsfr11                                       sfr11        00000
__Hsfr12                                       sfr12        00000
__Hsfr13                                       sfr13        00000
__Hsfr14                                       sfr14        00000
__Hsfr15                                       sfr15        00000
__Hsfr16                                       sfr16        00000
__Hsfr17                                       sfr17        00000
__Hsfr18                                       sfr18        00000
__Hsfr19                                       sfr19        00000
__Hsfr2                                        sfr2         00000
__Hsfr20                                       sfr20        00000
__Hsfr21                                       sfr21        00000
__Hsfr22                                       sfr22        00000
__Hsfr23                                       sfr23        00000
__Hsfr24                                       sfr24        00000
__Hsfr25                                       sfr25        00000
__Hsfr26                                       sfr26        00000
__Hsfr27                                       sfr27        00000
__Hsfr28                                       sfr28        00000
__Hsfr29                                       sfr29        00000
__Hsfr3                                        sfr3         00000
__Hsfr30                                       sfr30        00000
__Hsfr31                                       sfr31        00000
__Hsfr4                                        sfr4         00000
__Hsfr5                                        sfr5         00000
__Hsfr6                                        sfr6         00000
__Hsfr7                                        sfr7         00000
__Hsfr8                                        sfr8         00000
__Hsfr9                                        sfr9         00000
__Hspace_0                                     (abs)        01000
__Hspace_1                                     (abs)        000D4
__Hspace_2                                     (abs)        00000
__Hspace_3                                     (abs)        00000
__Hspace_4                                     (abs)        10010
__Hstack                                       stack        00000
__Hstrings                                     strings      00000
__Htext                                        text         00000
__Labs1                                        abs1         00000
__Lbank0                                       bank0        00000
__Lbank1                                       bank1        00000
__Lbank10                                      bank10       00000
__Lbank11                                      bank11       00000
__Lbank12                                      bank12       00000
__Lbank13                                      bank13       00000
__Lbank14                                      bank14       00000
__Lbank15                                      bank15       00000
__Lbank16                                      bank16       00000
__Lbank17                                      bank17       00000
__Lbank18                                      bank18       00000
__Lbank19                                      bank19       00000
__Lbank2                                       bank2        00000
__Lbank20                                      bank20       00000
__Lbank21                                      bank21       00000
__Lbank22                                      bank22       00000
__Lbank23                                      bank23       00000
__Lbank24                                      bank24       00000
__Lbank25                                      bank25       00000
__Lbank26                                      bank26       00000
__Lbank27                                      bank27       00000
__Lbank28                                      bank28       00000
__Lbank29                                      bank29       00000
__Lbank3                                       bank3        00000
__Lbank30                                      bank30       00000
__Lbank31                                      bank31       00000
__Lbank4                                       bank4        00000
__Lbank5                                       bank5        00000
__Lbank6                                       bank6        00000
__Lbank7                                       bank7        00000
__Lbank8                                       bank8        00000
__Lbank9                                       bank9        00000
__Lbigram                                      bigram       00000
__LbssBANK1                                    bssBANK1     00000
__Lcinit                                       cinit        007F3
__Lclrtext                                     clrtext      00000
__Lcode                                        code         00000
__Lcommon                                      common       00000
__Lconfig                                      config       00000
__LcstackBANK0                                 cstackBANK0  00000
__LcstackBANK1                                 cstackBANK1  00000
__LcstackCOMMON                                cstackCOMMON 00000
__Leeprom_data                                 eeprom_data  00000
__Lend_init                                    end_init     00002
__Lfunctab                                     functab      00000
__Lheap                                        heap         00000
__Lidloc                                       idloc        00000
__Linit                                        init         00002
__Lintentry                                    intentry     00002
__Lmaintext                                    maintext     00000
__LnvBANK1                                     nvBANK1      00000
__Lpowerup                                     powerup      00000
__Lram                                         ram          00000
__Lreset_vec                                   reset_vec    00000
__Lsfr0                                        sfr0         00000
__Lsfr1                                        sfr1         00000
__Lsfr10                                       sfr10        00000
__Lsfr11                                       sfr11        00000
__Lsfr12                                       sfr12        00000
__Lsfr13                                       sfr13        00000
__Lsfr14                                       sfr14        00000
__Lsfr15                                       sfr15        00000
__Lsfr16                                       sfr16        00000
__Lsfr17                                       sfr17        00000
__Lsfr18                                       sfr18        00000
__Lsfr19                                       sfr19        00000
__Lsfr2                                        sfr2         00000
__Lsfr20                                       sfr20        00000
__Lsfr21                                       sfr21        00000
__Lsfr22                                       sfr22        00000
__Lsfr23                                       sfr23        00000
__Lsfr24                                       sfr24        00000
__Lsfr25                                       sfr25        00000
__Lsfr26                                       sfr26        00000
__Lsfr27                                       sfr27        00000
__Lsfr28                                       sfr28        00000
__Lsfr29                                       sfr29        00000
__Lsfr3                                        sfr3         00000
__Lsfr30                                       sfr30        00000
__Lsfr31                                       sfr31        00000
__Lsfr4                                        sfr4         00000
__Lsfr5                                        sfr5         00000
__Lsfr6                                        sfr6         00000
__Lsfr7                                        sfr7         00000
__Lsfr8                                        sfr8         00000
__Lsfr9                                        sfr9         00000
__Lspace_0                                     (abs)        00000
__Lspace_1                                     (abs)        00000
__Lspace_2                                     (abs)        00000
__Lspace_3                                     (abs)        00000
__Lspace_4                                     (abs)        00000
__Lstack                                       stack        00000
__Lstrings                                     strings      00000
__Ltext                                        text         00000
__S0                                           (abs)        01000
__S1                                           (abs)        000D4
__S3                                           (abs)        00000
__Umul8_16                                     text34       00005
__Umul8_16@multiplicand                        cstackCOMMON 00070
__Umul8_16@multiplier                          cstackCOMMON 00078
__Umul8_16@product                             cstackCOMMON 00074
__Umul8_16@word_mpld                           cstackCOMMON 00076
___fladd                                       text32       003AC
___fladd@a                                     cstackCOMMON 00074
___fladd@aexp                                  cstackCOMMON 00079
___fladd@b                                     cstackCOMMON 00070
___fladd@bexp                                  cstackCOMMON 0007A
___fladd@grs                                   cstackCOMMON 0007B
___fladd@signs                                 cstackCOMMON 00078
___fldiv                                       text35       00202
___fldiv@a                                     cstackBANK0  0004A
___fldiv@aexp                                  cstackBANK0  00063
___fldiv@b                                     cstackBANK0  0004E
___fldiv@bexp                                  cstackBANK0  00062
___fldiv@grs                                   cstackBANK0  0005E
___fldiv@new_exp                               cstackBANK0  0005C
___fldiv@rem                                   cstackBANK0  00057
___fldiv@sign                                  cstackBANK0  0005B
___flmul                                       text33       005B8
___flmul@a                                     cstackBANK0  00034
___flmul@aexp                                  cstackBANK0  00042
___flmul@b                                     cstackBANK0  00030
___flmul@bexp                                  cstackBANK0  00043
___flmul@grs                                   cstackBANK0  0003E
___flmul@prod                                  cstackBANK0  00044
___flmul@sign                                  cstackBANK0  0003D
___flmul@temp                                  cstackBANK0  00048
___flsub                                       text31       00D8E
___flsub@a                                     cstackBANK0  00028
___flsub@b                                     cstackBANK0  0002C
___fltol                                       text30       00E61
___fltol@exp1                                  cstackBANK0  0006D
___fltol@f1                                    cstackBANK0  00064
___fltol@sign1                                 cstackBANK0  0006C
___heap_hi                                     (abs)        00000
___heap_lo                                     (abs)        00000
___int_sp                                      stack        00000
___latbits                                     (abs)        00001
___sp                                          stack        00000
___stackhi                                     (abs)        00000
___stacklo                                     (abs)        00000
___xxtofl                                      text29       00F56
___xxtofl@arg                                  cstackCOMMON 0007A
___xxtofl@exp                                  cstackCOMMON 00079
___xxtofl@sign                                 cstackCOMMON 00078
___xxtofl@val                                  cstackCOMMON 00070
__end_of_ADC2Display                           text28       00202
__end_of_ADC_GetConversionResult               text27       00CB6
__end_of_ADC_Initialize                        text22       00CDE
__end_of_ADC_IsConversionDone                  text26       00CCF
__end_of_ADC_StartConversion                   text25       00CA4
__end_of_EUSART_Initialize                     text18       00DF1
__end_of_EUSART_SetErrorHandler                text21       00CBC
__end_of_EUSART_SetFramingErrorHandler         text20       00CC2
__end_of_EUSART_SetOverrunErrorHandler         text19       00CC8
__end_of_EUSART_Write                          text6        00D02
__end_of_EUSART_is_tx_done                     text24       00CA8
__end_of_EUSART_is_tx_ready                    text23       00D2C
__end_of_FVR_Initialize                        text17       00CAC
__end_of_OSCILLATOR_Initialize                 text16       00CD6
__end_of_PIN_MANAGER_Initialize                text15       00D42
__end_of_SYSTEM_Initialize                     text12       00D58
__end_of_TMR2_HasOverflowOccured               text11       00D0F
__end_of_TMR2_Initialize                       text14       00CE6
__end_of_Tm_Baje_periodico                     text10       00CF8
__end_of_Tm_Hubo_periodico                     text9        00CEE
__end_of_Tm_Inicie_periodico                   text8        00D8E
__end_of_Tm_Procese_tiempo                     text7        00E61
__end_of_WDT_Initialize                        text13       00CB0
__end_of__Umul8_16                             text34       00028
__end_of___fladd                               text32       005B8
__end_of___fldiv                               text35       003AC
__end_of___flmul                               text33       007F3
__end_of___flsub                               text31       00DAE
__end_of___fltol                               text30       00ED2
__end_of___xxtofl                              text29       01000
__end_of__initialization                       cinit        007FD
__end_of_enviarsiguiente_Dato                  text5        00D70
__end_of_inicializar_nuestro_Display           text4        00DCF
__end_of_inicializar_nuestroserial             text3        00E17
__end_of_llenar_registros_del_Serial           text2        00072
__end_of_main                                  maintext     00F56
__end_of_tengodatos_PorEnviar                  text1        00D1D
__initialization                               cinit        007F3
__pbssBANK1                                    bssBANK1     000C5
__pcstackBANK0                                 cstackBANK0  00020
__pcstackBANK1                                 cstackBANK1  000A0
__pcstackCOMMON                                cstackCOMMON 00070
__pmaintext                                    maintext     00ED2
__pnvBANK1                                     nvBANK1      000CE
__ptext1                                       text1        00D0F
__ptext10                                      text10       00CEE
__ptext11                                      text11       00D02
__ptext12                                      text12       00D42
__ptext13                                      text13       00CAC
__ptext14                                      text14       00CDE
__ptext15                                      text15       00D2C
__ptext16                                      text16       00CCF
__ptext17                                      text17       00CA8
__ptext18                                      text18       00DCF
__ptext19                                      text19       00CC2
__ptext2                                       text2        00028
__ptext20                                      text20       00CBC
__ptext21                                      text21       00CB6
__ptext22                                      text22       00CD6
__ptext23                                      text23       00D1D
__ptext24                                      text24       00CA4
__ptext25                                      text25       00CA1
__ptext26                                      text26       00CC8
__ptext27                                      text27       00CB0
__ptext28                                      text28       00072
__ptext29                                      text29       00F56
__ptext3                                       text3        00DF1
__ptext30                                      text30       00E61
__ptext31                                      text31       00D8E
__ptext32                                      text32       003AC
__ptext33                                      text33       005B8
__ptext34                                      text34       00005
__ptext35                                      text35       00202
__ptext4                                       text4        00DAE
__ptext5                                       text5        00D58
__ptext6                                       text6        00CF8
__ptext7                                       text7        00E17
__ptext8                                       text8        00D70
__ptext9                                       text9        00CE6
_datoadc                                       bssBANK1     000C9
_enviarsiguiente_Dato                          text5        00D58
_eusartRxLastError                             bssBANK1     000CD
_inicializar_nuestro_Display                   text4        00DAE
_inicializar_nuestroserial                     text3        00DF1
_llenar_registros_del_Serial                   text2        00028
_main                                          maintext     00ED2
_tengodatos_PorEnviar                          text1        00D0F
btemp                                          (abs)        0007E
end_of_initialization                          cinit        007FD
enviarsiguiente_Dato@ser                       cstackCOMMON 00072
inicializar_nuestro_Display@dis                cstackCOMMON 00070
inicializar_nuestroserial@ser                  cstackCOMMON 00071
intlevel0                                      functab      00000
intlevel1                                      functab      00000
intlevel2                                      functab      00000
intlevel3                                      functab      00000
intlevel4                                      functab      00000
intlevel5                                      functab      00000
llenar_registros_del_Serial@Dig1               cstackCOMMON 00070
llenar_registros_del_Serial@Dig2               cstackCOMMON 00071
llenar_registros_del_Serial@Dig3               cstackCOMMON 00072
llenar_registros_del_Serial@ser                cstackCOMMON 00073
main@convirtiendo                              cstackBANK1  000AE
main@miDisplay                                 cstackBANK1  000B6
main@miserial                                  cstackBANK1  000BB
main@timer_ADC                                 cstackBANK1  000AF
reset_vec                                      reset_vec    00000
start                                          init         00002
start_initialization                           cinit        007F3
tengodatos_PorEnviar@ser                       cstackCOMMON 00070
wtemp0                                         (abs)        0007E


MODULE INFORMATION

Module		Function		Class		Link	Load	Size
C:\Program Files\Microchip\xc8\v2.40\pic\sources\c99\common\sprcmul.c
		___flmul       		CODE           	05B8	0000	571

C:\Program Files\Microchip\xc8\v2.40\pic\sources\c99\common\sprcmul.c estimated size: 571

nuestrodisplay.c
		_inicializar_nuestro_Display		CODE           	0DAE	0000	33
		_ADC2Display   		CODE           	0072	0000	400

nuestrodisplay.c estimated size: 433

C:\Program Files\Microchip\xc8\v2.40\pic\sources\c99\common\sprcdiv.c
		___fldiv       		CODE           	0202	0000	426

C:\Program Files\Microchip\xc8\v2.40\pic\sources\c99\common\sprcdiv.c estimated size: 426

mcc_generated_files/fvr.c
		_FVR_Initialize		CODE           	0CA8	0000	4

mcc_generated_files/fvr.c estimated size: 4

C:\Program Files\Microchip\xc8\v2.40\pic\sources\c99\common\fltol.c
		___fltol       		CODE           	0E61	0000	113

C:\Program Files\Microchip\xc8\v2.40\pic\sources\c99\common\fltol.c estimated size: 113

mcc_generated_files/tmr2.c
		_TMR2_Initialize		CODE           	0CDE	0000	8
		_TMR2_HasOverflowOccured		CODE           	0D02	0000	13

mcc_generated_files/tmr2.c estimated size: 21

mcc_generated_files/pin_manager.c
		_PIN_MANAGER_Initialize		CODE           	0D2C	0000	22

mcc_generated_files/pin_manager.c estimated size: 22

C:\Program Files\Microchip\xc8\v2.40\pic\sources\c99\common\sprcadd.c
		___flsub       		CODE           	0D8E	0000	32
		___fladd       		CODE           	03AC	0000	524

C:\Program Files\Microchip\xc8\v2.40\pic\sources\c99\common\sprcadd.c estimated size: 556

nuestroserial.c
		_llenar_registros_del_Serial		CODE           	0028	0000	74
		_enviarsiguiente_Dato		CODE           	0D58	0000	24
		_inicializar_nuestroserial		CODE           	0DF1	0000	38
		_tengodatos_PorEnviar		CODE           	0D0F	0000	14

nuestroserial.c estimated size: 150

mcc_generated_files/adc.c
		_ADC_Initialize		CODE           	0CD6	0000	8
		_ADC_IsConversionDone		CODE           	0CC8	0000	7
		_ADC_GetConversionResult		CODE           	0CB0	0000	6
		_ADC_StartConversion		CODE           	0CA1	0000	3

mcc_generated_files/adc.c estimated size: 24

nuestrostimers.c
		_Tm_Hubo_periodico		CODE           	0CE6	0000	8
		_Tm_Procese_tiempo		CODE           	0E17	0000	74
		_Tm_Inicie_periodico		CODE           	0D70	0000	30
		_Tm_Baje_periodico		CODE           	0CEE	0000	10

nuestrostimers.c estimated size: 122

C:\Program Files\Microchip\xc8\v2.40\pic\sources\c99\common\xxtofl.c
		___xxtofl      		CODE           	0F56	0000	170

C:\Program Files\Microchip\xc8\v2.40\pic\sources\c99\common\xxtofl.c estimated size: 170

shared
		__initialization		CODE           	07F3	0000	10

shared estimated size: 10

mcc_generated_files/mcc.c
		_WDT_Initialize		CODE           	0CAC	0000	4
		_OSCILLATOR_Initialize		CODE           	0CCF	0000	7
		_SYSTEM_Initialize		CODE           	0D42	0000	22

mcc_generated_files/mcc.c estimated size: 33

mcc_generated_files/eusart.c
		_EUSART_Write  		CODE           	0CF8	0000	10
		_EUSART_is_tx_done		CODE           	0CA4	0000	4
		_EUSART_Initialize		CODE           	0DCF	0000	34
		_EUSART_SetFramingErrorHandler		CODE           	0CBC	0000	6
		_EUSART_SetErrorHandler		CODE           	0CB6	0000	6
		_EUSART_SetOverrunErrorHandler		CODE           	0CC2	0000	6
		_EUSART_is_tx_ready		CODE           	0D1D	0000	15

mcc_generated_files/eusart.c estimated size: 81

C:\Program Files\Microchip\xc8\v2.40\pic\sources\c99\common\Umul8_16.c
		__Umul8_16     		CODE           	0005	0000	35

C:\Program Files\Microchip\xc8\v2.40\pic\sources\c99\common\Umul8_16.c estimated size: 35

main.c
		_main          		CODE           	0ED2	0000	132

main.c estimated size: 132

